Requirement already satisfied: vectorbt in .\kotak-neo-bot\.venv\Lib\site-packages (1.1.0)
Requirement already satisfied: numpy>=2.4.6 in .\kotak-neo-bot\.venv\Lib\site-packages (from vectorbt) (2.4.6)
Requirement already satisfied: pandas<4.0,>=3.0.3 in .\kotak-neo-bot\.venv\Lib\site-packages (from vectorbt) (3.0.5)
Requirement already satisfied: scipy in .\kotak-neo-bot\.venv\Lib\site-packages (from vectorbt) (1.18.0)
Requirement already satisfied: matplotlib in .\kotak-neo-bot\.venv\Lib\site-packages (from vectorbt) (3.11.1)
Requirement already satisfied: plotly>=4.12.0 in .\kotak-neo-bot\.venv\Lib\site-packages (from vectorbt) (6.9.0)
Requirement already satisfied: ipywidgets>=7.0.0 in .\kotak-neo-bot\.venv\Lib\site-packages (from vectorbt) (8.1.8)
Requirement already satisfied: anywidget in .\kotak-neo-bot\.venv\Lib\site-packages (from vectorbt) (0.11.0)
Requirement already satisfied: numba>=0.66 in .\kotak-neo-bot\.venv\Lib\site-packages (from vectorbt) (0.66.0)
Requirement already satisfied: dill in .\kotak-neo-bot\.venv\Lib\site-packages (from vectorbt) (0.4.1)
Requirement already satisfied: tqdm in .\kotak-neo-bot\.venv\Lib\site-packages (from vectorbt) (4.70.0)
Requirement already satisfied: dateparser in .\kotak-neo-bot\.venv\Lib\site-packages (from vectorbt) (1.4.2)
Requirement already satisfied: imageio in .\kotak-neo-bot\.venv\Lib\site-packages (from vectorbt) (2.37.4)
Requirement already satisfied: scikit-learn in .\kotak-neo-bot\.venv\Lib\site-packages (from vectorbt) (1.9.0)
Requirement already satisfied: schedule in .\kotak-neo-bot\.venv\Lib\site-packages (from vectorbt) (1.2.2)
Requirement already satisfied: requests in .\kotak-neo-bot\.venv\Lib\site-packages (from vectorbt) (2.34.2)
Requirement already satisfied: pytz in .\kotak-neo-bot\.venv\Lib\site-packages (from vectorbt) (2026.3.post1)
Requirement already satisfied: mypy_extensions in .\kotak-neo-bot\.venv\Lib\site-packages (from vectorbt) (1.1.0)
Requirement already satisfied: python-dateutil>=2.8.2 in .\kotak-neo-bot\.venv\Lib\site-packages (from pandas<4.0,>=3.0.3->vectorbt) (2.9.0.post0)
Requirement already satisfied: tzdata in .\kotak-neo-bot\.venv\Lib\site-packages (from pandas<4.0,>=3.0.3->vectorbt) (2026.3)
Requirement already satisfied: comm>=0.1.3 in .\kotak-neo-bot\.venv\Lib\site-packages (from ipywidgets>=7.0.0->vectorbt) (0.2.3)
Requirement already satisfied: ipython>=6.1.0 in .\kotak-neo-bot\.venv\Lib\site-packages (from ipywidgets>=7.0.0->vectorbt) (9.16.1)
Requirement already satisfied: traitlets>=4.3.1 in .\kotak-neo-bot\.venv\Lib\site-packages (from ipywidgets>=7.0.0->vectorbt) (5.16.1)
Requirement already satisfied: widgetsnbextension~=4.0.14 in .\kotak-neo-bot\.venv\Lib\site-packages (from ipywidgets>=7.0.0->vectorbt) (4.0.15)
Requirement already satisfied: jupyterlab_widgets~=3.0.15 in .\kotak-neo-bot\.venv\Lib\site-packages (from ipywidgets>=7.0.0->vectorbt) (3.0.16)
Requirement already satisfied: colorama>=0.4.4 in .\kotak-neo-bot\.venv\Lib\site-packages (from ipython>=6.1.0->ipywidgets>=7.0.0->vectorbt) (0.4.6)
Requirement already satisfied: ipython-pygments-lexers>=1.0.0 in .\kotak-neo-bot\.venv\Lib\site-packages (from ipython>=6.1.0->ipywidgets>=7.0.0->vectorbt) (1.1.1)
Requirement already satisfied: jedi>=0.18.2 in .\kotak-neo-bot\.venv\Lib\site-packages (from ipython>=6.1.0->ipywidgets>=7.0.0->vectorbt) (0.20.0)
Requirement already satisfied: matplotlib-inline>=0.1.6 in .\kotak-neo-bot\.venv\Lib\site-packages (from ipython>=6.1.0->ipywidgets>=7.0.0->vectorbt) (0.2.2)
Requirement already satisfied: prompt_toolkit<3.1.0,>=3.0.41 in .\kotak-neo-bot\.venv\Lib\site-packages (from ipython>=6.1.0->ipywidgets>=7.0.0->vectorbt) (3.0.53)
Requirement already satisfied: psutil>=7 in .\kotak-neo-bot\.venv\Lib\site-packages (from ipython>=6.1.0->ipywidgets>=7.0.0->vectorbt) (7.2.2)
Requirement already satisfied: pygments>=2.14.0 in .\kotak-neo-bot\.venv\Lib\site-packages (from ipython>=6.1.0->ipywidgets>=7.0.0->vectorbt) (2.20.0)
Requirement already satisfied: stack_data>=0.6.0 in .\kotak-neo-bot\.venv\Lib\site-packages (from ipython>=6.1.0->ipywidgets>=7.0.0->vectorbt) (0.6.3)
Requirement already satisfied: wcwidth>=0.1.4 in .\kotak-neo-bot\.venv\Lib\site-packages (from prompt_toolkit<3.1.0,>=3.0.41->ipython>=6.1.0->ipywidgets>=7.0.0->vectorbt) (0.8.2)
Requirement already satisfied: parso<0.9.0,>=0.8.6 in .\kotak-neo-bot\.venv\Lib\site-packages (from jedi>=0.18.2->ipython>=6.1.0->ipywidgets>=7.0.0->vectorbt) (0.8.7)
Requirement already satisfied: llvmlite<0.49,>=0.48.0dev0 in .\kotak-neo-bot\.venv\Lib\site-packages (from numba>=0.66->vectorbt) (0.48.0)
Requirement already satisfied: narwhals>=1.15.1 in .\kotak-neo-bot\.venv\Lib\site-packages (from plotly>=4.12.0->vectorbt) (2.24.0)
Requirement already satisfied: packaging in .\kotak-neo-bot\.venv\Lib\site-packages (from plotly>=4.12.0->vectorbt) (26.3)
Requirement already satisfied: six>=1.5 in .\kotak-neo-bot\.venv\Lib\site-packages (from python-dateutil>=2.8.2->pandas<4.0,>=3.0.3->vectorbt) (1.17.0)
Requirement already satisfied: executing>=1.2.0 in .\kotak-neo-bot\.venv\Lib\site-packages (from stack_data>=0.6.0->ipython>=6.1.0->ipywidgets>=7.0.0->vectorbt) (2.2.1)
Requirement already satisfied: asttokens>=2.1.0 in .\kotak-neo-bot\.venv\Lib\site-packages (from stack_data>=0.6.0->ipython>=6.1.0->ipywidgets>=7.0.0->vectorbt) (3.0.2)
Requirement already satisfied: pure-eval in .\kotak-neo-bot\.venv\Lib\site-packages (from stack_data>=0.6.0->ipython>=6.1.0->ipywidgets>=7.0.0->vectorbt) (0.2.3)
Requirement already satisfied: psygnal>=0.8.1 in .\kotak-neo-bot\.venv\Lib\site-packages (from anywidget->vectorbt) (0.15.1)
Requirement already satisfied: typing-extensions>=4.2.0 in .\kotak-neo-bot\.venv\Lib\site-packages (from anywidget->vectorbt) (4.16.0)
Requirement already satisfied: regex>=2024.9.11 in .\kotak-neo-bot\.venv\Lib\site-packages (from dateparser->vectorbt) (2026.7.19)
Requirement already satisfied: tzlocal>=0.2 in .\kotak-neo-bot\.venv\Lib\site-packages (from dateparser->vectorbt) (5.4.4)
Requirement already satisfied: pillow>=8.3.2 in .\kotak-neo-bot\.venv\Lib\site-packages (from imageio->vectorbt) (12.3.0)
Requirement already satisfied: contourpy>=1.0.1 in .\kotak-neo-bot\.venv\Lib\site-packages (from matplotlib->vectorbt) (1.3.3)
Requirement already satisfied: cycler>=0.10 in .\kotak-neo-bot\.venv\Lib\site-packages (from matplotlib->vectorbt) (0.12.1)
Requirement already satisfied: fonttools>=4.28.2 in .\kotak-neo-bot\.venv\Lib\site-packages (from matplotlib->vectorbt) (4.63.0)
Requirement already satisfied: kiwisolver>=1.3.1 in .\kotak-neo-bot\.venv\Lib\site-packages (from matplotlib->vectorbt) (1.5.0)
Requirement already satisfied: pyparsing>=3 in .\kotak-neo-bot\.venv\Lib\site-packages (from matplotlib->vectorbt) (3.3.2)
Requirement already satisfied: charset_normalizer<4,>=2 in .\kotak-neo-bot\.venv\Lib\site-packages (from requests->vectorbt) (3.4.9)
Requirement already satisfied: idna<4,>=2.5 in .\kotak-neo-bot\.venv\Lib\site-packages (from requests->vectorbt) (3.18)
Requirement already satisfied: urllib3<3,>=1.26 in .\kotak-neo-bot\.venv\Lib\site-packages (from requests->vectorbt) (2.7.0)
Requirement already satisfied: certifi>=2023.5.7 in .\kotak-neo-bot\.venv\Lib\site-packages (from requests->vectorbt) (2026.7.22)
Requirement already satisfied: joblib>=1.4.0 in .\kotak-neo-bot\.venv\Lib\site-packages (from scikit-learn->vectorbt) (1.5.3)
Requirement already satisfied: threadpoolctl>=3.5.0 in .\kotak-neo-bot\.venv\Lib\site-packages (from scikit-learn->vectorbt) (3.6.0)
